- The project is out-of-sync -- use `renv::status()` for details.
+ p5_configs_v2 dispatched

✔ p5_configs_v2 completed [5.1s, 373 B]

+ p5_control_terms dispatched

✔ p5_control_terms completed [0ms, 289 B]

+ p5_run_vectors dispatched

✔ p5_run_vectors completed [2s, 5.23 MB]

+ p5_control_data dispatched

✔ p5_control_data completed [170ms, 2.00 MB]

+ p5_sequences dispatched

✔ p5_sequences completed [4.9s, 8.23 MB]

+ p5_mlp_runs_v2 dispatched

✔ p5_mlp_runs_v2 completed [10m 36.9s, 947.30 kB]

+ p5_sequence_identity dispatched

✔ p5_sequence_identity completed [140ms, 269 B]

+ p5_sequence_summary dispatched

✔ p5_sequence_summary completed [580ms, 747 B]

+ p5_mlp_selected_v2 dispatched

✔ p5_mlp_selected_v2 completed [0ms, 105.28 kB]

+ p5_config_scores_v2 dispatched

✔ p5_config_scores_v2 completed [20ms, 436 B]

+ p5_scored_v2 dispatched

✔ p5_scored_v2 completed [180ms, 535.10 kB]

+ p5_per_race_v2 dispatched

✔ p5_per_race_v2 completed [3.6s, 58.04 kB]

+ p5_rung1_comparison_v2 dispatched

✔ p5_rung1_comparison_v2 completed [700ms, 382 B]

+ p5_rung1_reading_v2 dispatched

✔ p5_rung1_reading_v2 completed [0ms, 488 B]

✔ ended pipeline [11m 8s, 14 completed, 25 skipped]

Warning messages:

1: package 'torch' was built under R version 4.6.1 

2: 1 targets produced warnings. Run targets::tar_meta(fields = warnings, complete_only = TRUE) for the messages. 

