- The project is out-of-sync -- use `renv::status()` for details.
+ p5_configs_v4_mlp dispatched

✔ p5_configs_v4_mlp completed [9.5s, 373 B]

+ p5_configs_v4_lin dispatched

✔ p5_configs_v4_lin completed [0ms, 345 B]

+ p5_budget_check dispatched

✔ p5_budget_check completed [0ms, 190 B]

+ p5_beaten_audit dispatched

✔ p5_beaten_audit completed [1.1s, 853 B]

+ p5_run_vectors dispatched

✔ p5_run_vectors completed [1.5s, 5.22 MB]

+ p5_sequences dispatched

✔ p5_sequences completed [5.2s, 8.21 MB]

+ p5_linear_runs_v4 dispatched

✔ p5_linear_runs_v4 completed [13m 50.6s, 956.86 kB]

+ p5_mlp_runs_v4 dispatched

✔ p5_mlp_runs_v4 completed [34m 36.3s, 956.45 kB]

+ p5_sequence_summary dispatched

✔ p5_sequence_summary completed [700ms, 742 B]

+ p5_sequence_identity dispatched

✔ p5_sequence_identity completed [140ms, 269 B]

+ p5_linear_selected_v4 dispatched

✔ p5_linear_selected_v4 completed [0ms, 106.33 kB]

+ p5_linear_scores_v4 dispatched

✔ p5_linear_scores_v4 completed [30ms, 506 B]

+ p5_mlp_selected_v4 dispatched

✔ p5_mlp_selected_v4 completed [0ms, 106.44 kB]

+ p5_mlp_scores_v4 dispatched

✔ p5_mlp_scores_v4 completed [30ms, 547 B]

+ p5_scored_v4 dispatched

✔ p5_scored_v4 completed [170ms, 535.11 kB]

+ p5_budget_decomposition dispatched

✔ p5_budget_decomposition completed [10ms, 305 B]

+ p5_per_race_v4 dispatched

✔ p5_per_race_v4 completed [3.7s, 58.02 kB]

+ p5_mlp_vs_linear_v4 dispatched

✔ p5_mlp_vs_linear_v4 completed [700ms, 394 B]

+ p5_control_claim_v4 dispatched

✔ p5_control_claim_v4 completed [0ms, 500 B]

✔ ended pipeline [49m 5.5s, 19 completed, 40 skipped]

Warning messages:

1: package 'torch' was built under R version 4.6.1 

2: 1 targets produced warnings. Run targets::tar_meta(fields = warnings, complete_only = TRUE) for the messages. 

