- The project is out-of-sync -- use `renv::status()` for details.
+ paper_6_metrics dispatched







processing file: index.qmd


1/43                       


2/43 [setup]               


3/43                       


4/43 [roi-key]             


5/43                       


6/43 [tbl-series]          


7/43                       


8/43 [tbl-contrasts]       


9/43                       


10/43 [tbl-published]       


11/43                       


12/43 [tbl-recompute-check] 


13/43                       


14/43 [tbl-resolution]      


15/43                       


16/43 [tbl-resolution-basis]


17/43                       


18/43 [tbl-race-sets]       


19/43                       


20/43 [p2-key]              


21/43                       


22/43 [tbl-p2-cover]        


23/43                       


24/43 [tbl-p2-overall]      


25/43                       


26/43 [tbl-p2-diffs]        


27/43                       


28/43 [tbl-p2-order]        


29/43                       


30/43 [tbl-p2-pairs]        


31/43                       


32/43 [tbl-p2-bins]         


33/43                       


34/43 [tbl-p2-bin-counts]   


35/43                       


36/43 [tbl-p2-calib]        


37/43                       


38/43 [beta-key]            


39/43                       


40/43 [tbl-p4-cited]        


41/43                       


42/43 [tbl-beta]            


43/43                       


output file: index.knit.md





pandoc 

  to: html

  output-file: index.html

  standalone: true

  embed-resources: true

  section-divs: true

  html-math-method: mathjax

  wrap: none

  default-image-extension: png

  toc: true

  toc-depth: 3

  number-sections: true

  variables: {}

  

metadata

  document-css: false

  link-citations: true

  date-format: long

  lang: en

  bibliography:

    - references.bib

  engines:

    - path: C:\Program Files\RStudio\resources\app\bin\quarto\share\extension-subtrees\julia-engine\_extensions\julia-engine\julia-engine.js

  theme: cosmo

  title: What the metrics can and cannot tell us

  subtitle: Paper 6 in a series on UK All-Weather racing outcomes

  author: Patrick Gillen

  date: '2026-09-10'

  abstract: |

    Every paper in this series except paper 4 has reported a return on

    investment, and the sequence of those figures has been used to judge whether

    each model improved on the one before. This paper shows it cannot support

    that use, drops one of Owen's two scoring rules, refines the other, and

    closes with a labelled first look at a quantity that matches how the model

    would be used rather than how it has been scored.

    Section 1 gives two demonstrations. Of the four consecutive-model

    differences in single-bet win return, recomputed here on one bet rule so the

    four can be read as a sequence, only

    `r local({ S <- file.path(rprojroot::find_root(rprojroot::has_file("awracing.Rproj")), "_targets_p6"); d <- targets::tar_read(p6m_contrasts, store = S); c("none", "one", "two", "three", "all four")[sum(d$excludes_zero) + 1] })`

    excludes zero, and it is the earliest. Papers 2b and 3 tie on three ranking

    measures with intervals a few per cent of the quantity measured, while the

    interval on their return difference is

    `r local({ S <- file.path(rprojroot::find_root(rprojroot::has_file("awracing.Rproj")), "_targets_p6"); d <- targets::tar_read(p6m_resolution, store = S); r <- d[d$measure == "single-bet win ROI", ]; sprintf("%.0f%%", 100 * r$width_over_value) })`

    of it. Holding the model and the rule fixed and changing only the races, the

    same figure moves

    `r local({ S <- file.path(rprojroot::find_root(rprojroot::has_file("awracing.Rproj")), "_targets_p6"); d <- targets::tar_read(p6m_race_sets, store = S); sprintf("%.0f", 100 * (d$roi[1] - d$roi[2])) })`

    points between two adjacent sets of races.

    Section 2 drops P1, which reads only the winning rows, and recomputes P2 on

    disjoint bins with finer resolution below 0.10, against two benchmarks: the

    over-round-adjusted settled starting price and the overnight racecard

    forecast price. On

    `r local({ S <- file.path(rprojroot::find_root(rprojroot::has_file("awracing.Rproj")), "_targets_p6"); d <- targets::tar_read(p6m_p2_cover, store = S); format(d$rows_panel, big.mark = ",") })`

    runner-rows all three models lose to the starting price and all three beat

    the forecast price, six intervals excluding zero. P2 also separates the

    paper-5 encoder from both earlier models, which the return could not, and

    reports papers 2b and 3 as a tie. The bins show the models stating more than

    they win on long prices and less than they win on short ones.

    Section 3 is speculation and nothing in the paper rests on it. Paper 4 found

    the model adds nothing distinguishable against the settled starting price

    and a great deal against the overnight forecast, so this fits how much of

    the model's disagreement with the forecast the market later accepts. The

    pooled coefficient is

    `r local({ S <- file.path(rprojroot::find_root(rprojroot::has_file("awracing.Rproj")), "_targets_p6"); d <- targets::tar_read(p6m_beta, store = S); sprintf("%.3f", d$estimate[d$term == "slope"]) })`

    with a standard error of

    `r local({ S <- file.path(rprojroot::find_root(rprojroot::has_file("awracing.Rproj")), "_targets_p6"); d <- targets::tar_read(p6m_beta, store = S); sprintf("%.3f", d$se[d$term == "slope"]) })`.

    A forecast is a published opinion rather than a price anyone bet into, so

    the figure is an upper bound on anything tradeable, and a positive

    coefficient does not establish the idea it came from.

  







processing file: index.qmd


1/43                       


2/43 [setup]               


3/43                       


4/43 [roi-key]             


5/43                       


6/43 [tbl-series]          


7/43                       


8/43 [tbl-contrasts]       


9/43                       


10/43 [tbl-published]       


11/43                       


12/43 [tbl-recompute-check] 


13/43                       


14/43 [tbl-resolution]      


15/43                       


16/43 [tbl-resolution-basis]


17/43                       


18/43 [tbl-race-sets]       


19/43                       


20/43 [p2-key]              


21/43                       


22/43 [tbl-p2-cover]        


23/43                       


24/43 [tbl-p2-overall]      


25/43                       


26/43 [tbl-p2-diffs]        


27/43                       


28/43 [tbl-p2-order]        


29/43                       


30/43 [tbl-p2-pairs]        


31/43                       


32/43 [tbl-p2-bins]         


33/43                       


34/43 [tbl-p2-bin-counts]   


35/43                       


36/43 [tbl-p2-calib]        


37/43                       


38/43 [beta-key]            


39/43                       


40/43 [tbl-p4-cited]        


41/43                       


42/43 [tbl-beta]            


43/43                       


output file: index.knit.md





pandoc 

  to: latex

  output-file: index.tex

  standalone: true

  pdf-engine: lualatex

  variables:

    graphics: true

    tables: true

  default-image-extension: pdf

  toc: true

  number-sections: true

  

metadata

  documentclass: scrartcl

  classoption:

    - DIV=11

    - numbers=noendperiod

  papersize: letter

  header-includes:

    - \KOMAoption{captions}{tableheading}

  block-headings: true

  bibliography:

    - references.bib

  engines:

    - path: C:\Program Files\RStudio\resources\app\bin\quarto\share\extension-subtrees\julia-engine\_extensions\julia-engine\julia-engine.js

  title: What the metrics can and cannot tell us

  subtitle: Paper 6 in a series on UK All-Weather racing outcomes

  author: Patrick Gillen

  date: '2026-09-10'

  abstract: |

    Every paper in this series except paper 4 has reported a return on

    investment, and the sequence of those figures has been used to judge whether

    each model improved on the one before. This paper shows it cannot support

    that use, drops one of Owen's two scoring rules, refines the other, and

    closes with a labelled first look at a quantity that matches how the model

    would be used rather than how it has been scored.

    Section 1 gives two demonstrations. Of the four consecutive-model

    differences in single-bet win return, recomputed here on one bet rule so the

    four can be read as a sequence, only

    `r local({ S <- file.path(rprojroot::find_root(rprojroot::has_file("awracing.Rproj")), "_targets_p6"); d <- targets::tar_read(p6m_contrasts, store = S); c("none", "one", "two", "three", "all four")[sum(d$excludes_zero) + 1] })`

    excludes zero, and it is the earliest. Papers 2b and 3 tie on three ranking

    measures with intervals a few per cent of the quantity measured, while the

    interval on their return difference is

    `r local({ S <- file.path(rprojroot::find_root(rprojroot::has_file("awracing.Rproj")), "_targets_p6"); d <- targets::tar_read(p6m_resolution, store = S); r <- d[d$measure == "single-bet win ROI", ]; sprintf("%.0f%%", 100 * r$width_over_value) })`

    of it. Holding the model and the rule fixed and changing only the races, the

    same figure moves

    `r local({ S <- file.path(rprojroot::find_root(rprojroot::has_file("awracing.Rproj")), "_targets_p6"); d <- targets::tar_read(p6m_race_sets, store = S); sprintf("%.0f", 100 * (d$roi[1] - d$roi[2])) })`

    points between two adjacent sets of races.

    Section 2 drops P1, which reads only the winning rows, and recomputes P2 on

    disjoint bins with finer resolution below 0.10, against two benchmarks: the

    over-round-adjusted settled starting price and the overnight racecard

    forecast price. On

    `r local({ S <- file.path(rprojroot::find_root(rprojroot::has_file("awracing.Rproj")), "_targets_p6"); d <- targets::tar_read(p6m_p2_cover, store = S); format(d$rows_panel, big.mark = ",") })`

    runner-rows all three models lose to the starting price and all three beat

    the forecast price, six intervals excluding zero. P2 also separates the

    paper-5 encoder from both earlier models, which the return could not, and

    reports papers 2b and 3 as a tie. The bins show the models stating more than

    they win on long prices and less than they win on short ones.

    Section 3 is speculation and nothing in the paper rests on it. Paper 4 found

    the model adds nothing distinguishable against the settled starting price

    and a great deal against the overnight forecast, so this fits how much of

    the model's disagreement with the forecast the market later accepts. The

    pooled coefficient is

    `r local({ S <- file.path(rprojroot::find_root(rprojroot::has_file("awracing.Rproj")), "_targets_p6"); d <- targets::tar_read(p6m_beta, store = S); sprintf("%.3f", d$estimate[d$term == "slope"]) })`

    with a standard error of

    `r local({ S <- file.path(rprojroot::find_root(rprojroot::has_file("awracing.Rproj")), "_targets_p6"); d <- targets::tar_read(p6m_beta, store = S); sprintf("%.3f", d$se[d$term == "slope"]) })`.

    A forecast is a published opinion rather than a price anyone bet into, so

    the figure is an upper bound on anything tradeable, and a positive

    coefficient does not establish the idea it came from.

  



Rendering PDF

running lualatex - 1

  This is LuaHBTeX, Version 1.24.0 (TeX Live 2026) 

   restricted system commands enabled.

  

running lualatex - 2

  This is LuaHBTeX, Version 1.24.0 (TeX Live 2026) 

   restricted system commands enabled.

  



Output created: _output\index.html



✔ paper_6_metrics completed [31.3s, 2.16 MB]

✔ ended pipeline [39.7s, 1 completed, 39 skipped]

